// Vitest Snapshot v1, https://vitest.dev/guide/snapshot.html

exports[`projection-engine regression snapshot > computeProjections é estável para setor=construcao 1`] = `
[
  {
    "bp": {
      "ativoTotal": 5392488,
      "caixa": 552488,
      "dividaCP": 221000,
      "dividaLP": 1100000,
      "estoques": 1300000,
      "fornecedores": 750000,
      "pl": 2901864,
      "recebiveis": 2725759,
    },
    "confianca": "alta",
    "dre": {
      "cmv": -831902,
      "depreciacao": -17500,
      "ebit": 24235,
      "ebitda": 41735,
      "ir": -621,
      "lair": 2485,
      "lucroBruto": 258402,
      "lucroLiq": 1864,
      "opex": -216667,
      "receita": 1090304,
      "resultadoFinanceiro": -21750,
    },
    "mes": "Jun/26",
    "premissas": {
      "capexPctReceita": 0.018,
      "custoMedioDivida": 0.18,
      "dsoTarget": 75,
      "margemBruta": 0.237,
      "receitaGrowth": 0.08,
    },
  },
  {
    "bp": {
      "ativoTotal": 5285017,
      "caixa": 445017,
      "dividaCP": 92000,
      "dividaLP": 1100000,
      "estoques": 1304182,
      "fornecedores": 750000,
      "pl": 2905829,
      "recebiveis": 2743296,
    },
    "confianca": "alta",
    "dre": {
      "cmv": -837254,
      "depreciacao": -17500,
      "ebit": 25102,
      "ebitda": 42602,
      "ir": -1322,
      "lair": 5287,
      "lucroBruto": 260065,
      "lucroLiq": 3965,
      "opex": -217463,
      "receita": 1097319,
      "resultadoFinanceiro": -19815,
    },
    "mes": "Jul/26",
    "premissas": {
      "capexPctReceita": 0.018,
      "custoMedioDivida": 0.18,
      "dsoTarget": 75,
      "margemBruta": 0.237,
      "receitaGrowth": 0.08,
    },
  },
  {
    "bp": {
      "ativoTotal": 5177590,
      "caixa": 337590,
      "dividaCP": 0,
      "dividaLP": 1063000,
      "estoques": 1308378,
      "fornecedores": 750000,
      "pl": 2911901,
      "recebiveis": 2760947,
    },
    "confianca": "alta",
    "dre": {
      "cmv": -842641,
      "depreciacao": -17500,
      "ebit": 25976,
      "ebitda": 43476,
      "ir": -2024,
      "lair": 8096,
      "lucroBruto": 261738,
      "lucroLiq": 6072,
      "opex": -218262,
      "receita": 1104379,
      "resultadoFinanceiro": -17880,
    },
    "mes": "Ago/26",
    "premissas": {
      "capexPctReceita": 0.018,
      "custoMedioDivida": 0.18,
      "dsoTarget": 75,
      "margemBruta": 0.237,
      "receitaGrowth": 0.08,
    },
  },
  {
    "bp": {
      "ativoTotal": 5070213,
      "caixa": 230213,
      "dividaCP": 0,
      "dividaLP": 934000,
      "estoques": 1312587,
      "fornecedores": 750000,
      "pl": 2920085,
      "recebiveis": 2778711,
    },
    "confianca": "media",
    "dre": {
      "cmv": -848063,
      "depreciacao": -17500,
      "ebit": 26858,
      "ebitda": 44358,
      "ir": -2728,
      "lair": 10913,
      "lucroBruto": 263422,
      "lucroLiq": 8185,
      "opex": -219064,
      "receita": 1111484,
      "resultadoFinanceiro": -15945,
    },
    "mes": "Set/26",
    "premissas": {
      "capexPctReceita": 0.018,
      "custoMedioDivida": 0.18,
      "dsoTarget": 75,
      "margemBruta": 0.237,
      "receitaGrowth": 0.08,
    },
  },
  {
    "bp": {
      "ativoTotal": 4962890,
      "caixa": 122890,
      "dividaCP": 0,
      "dividaLP": 805000,
      "estoques": 1316809,
      "fornecedores": 750000,
      "pl": 2930388,
      "recebiveis": 2796589,
    },
    "confianca": "media",
    "dre": {
      "cmv": -853519,
      "depreciacao": -17500,
      "ebit": 27748,
      "ebitda": 45248,
      "ir": -3434,
      "lair": 13738,
      "lucroBruto": 265117,
      "lucroLiq": 10303,
      "opex": -219869,
      "receita": 1118636,
      "resultadoFinanceiro": -14010,
    },
    "mes": "Out/26",
    "premissas": {
      "capexPctReceita": 0.018,
      "custoMedioDivida": 0.18,
      "dsoTarget": 75,
      "margemBruta": 0.237,
      "receitaGrowth": 0.08,
    },
  },
  {
    "bp": {
      "ativoTotal": 4855628,
      "caixa": 15628,
      "dividaCP": 0,
      "dividaLP": 676000,
      "estoques": 1321046,
      "fornecedores": 750000,
      "pl": 2942816,
      "recebiveis": 2814583,
    },
    "confianca": "media",
    "dre": {
      "cmv": -859011,
      "depreciacao": -17500,
      "ebit": 28645,
      "ebitda": 46145,
      "ir": -4143,
      "lair": 16570,
      "lucroBruto": 266822,
      "lucroLiq": 12428,
      "opex": -220677,
      "receita": 1125833,
      "resultadoFinanceiro": -12075,
    },
    "mes": "Nov/26",
    "premissas": {
      "capexPctReceita": 0.018,
      "custoMedioDivida": 0.18,
      "dsoTarget": 75,
      "margemBruta": 0.237,
      "receitaGrowth": 0.08,
    },
  },
  {
    "bp": {
      "ativoTotal": 4748431,
      "caixa": -91569,
      "dividaCP": 0,
      "dividaLP": 547000,
      "estoques": 1325295,
      "fornecedores": 750000,
      "pl": 2957375,
      "recebiveis": 2832692,
    },
    "confianca": "baixa",
    "dre": {
      "cmv": -864537,
      "depreciacao": -17500,
      "ebit": 29551,
      "ebitda": 47051,
      "ir": -4853,
      "lair": 19411,
      "lucroBruto": 268539,
      "lucroLiq": 14558,
      "opex": -221488,
      "receita": 1133077,
      "resultadoFinanceiro": -10140,
    },
    "mes": "Dez/26",
    "premissas": {
      "capexPctReceita": 0.018,
      "custoMedioDivida": 0.18,
      "dsoTarget": 75,
      "margemBruta": 0.237,
      "receitaGrowth": 0.08,
    },
  },
  {
    "bp": {
      "ativoTotal": 4641304,
      "caixa": -198696,
      "dividaCP": 0,
      "dividaLP": 418000,
      "estoques": 1329559,
      "fornecedores": 750000,
      "pl": 2974070,
      "recebiveis": 2850917,
    },
    "confianca": "baixa",
    "dre": {
      "cmv": -870100,
      "depreciacao": -17500,
      "ebit": 30465,
      "ebitda": 47965,
      "ir": -5565,
      "lair": 22260,
      "lucroBruto": 270267,
      "lucroLiq": 16695,
      "opex": -222302,
      "receita": 1140367,
      "resultadoFinanceiro": -8205,
    },
    "mes": "Jan/27",
    "premissas": {
      "capexPctReceita": 0.018,
      "custoMedioDivida": 0.18,
      "dsoTarget": 75,
      "margemBruta": 0.237,
      "receitaGrowth": 0.08,
    },
  },
  {
    "bp": {
      "ativoTotal": 4534253,
      "caixa": -305747,
      "dividaCP": 0,
      "dividaLP": 289000,
      "estoques": 1333836,
      "fornecedores": 750000,
      "pl": 2992907,
      "recebiveis": 2869260,
    },
    "confianca": "baixa",
    "dre": {
      "cmv": -875698,
      "depreciacao": -17500,
      "ebit": 31387,
      "ebitda": 48887,
      "ir": -6279,
      "lair": 25117,
      "lucroBruto": 272006,
      "lucroLiq": 18838,
      "opex": -223119,
      "receita": 1147704,
      "resultadoFinanceiro": -6270,
    },
    "mes": "Fev/27",
    "premissas": {
      "capexPctReceita": 0.018,
      "custoMedioDivida": 0.18,
      "dsoTarget": 75,
      "margemBruta": 0.237,
      "receitaGrowth": 0.08,
    },
  },
  {
    "bp": {
      "ativoTotal": 4427284,
      "caixa": -412716,
      "dividaCP": 0,
      "dividaLP": 160000,
      "estoques": 1338127,
      "fornecedores": 750000,
      "pl": 3013894,
      "recebiveis": 2887721,
    },
    "confianca": "baixa",
    "dre": {
      "cmv": -881332,
      "depreciacao": -17500,
      "ebit": 32317,
      "ebitda": 49817,
      "ir": -6996,
      "lair": 27982,
      "lucroBruto": 273756,
      "lucroLiq": 20987,
      "opex": -223939,
      "receita": 1155088,
      "resultadoFinanceiro": -4335,
    },
    "mes": "Mar/27",
    "premissas": {
      "capexPctReceita": 0.018,
      "custoMedioDivida": 0.18,
      "dsoTarget": 75,
      "margemBruta": 0.237,
      "receitaGrowth": 0.08,
    },
  },
  {
    "bp": {
      "ativoTotal": 4320400,
      "caixa": -519600,
      "dividaCP": 0,
      "dividaLP": 31000,
      "estoques": 1342432,
      "fornecedores": 750000,
      "pl": 3037036,
      "recebiveis": 2906301,
    },
    "confianca": "baixa",
    "dre": {
      "cmv": -887003,
      "depreciacao": -17500,
      "ebit": 33256,
      "ebitda": 50756,
      "ir": -7714,
      "lair": 30856,
      "lucroBruto": 275517,
      "lucroLiq": 23142,
      "opex": -224762,
      "receita": 1162520,
      "resultadoFinanceiro": -2400,
    },
    "mes": "Abr/27",
    "premissas": {
      "capexPctReceita": 0.018,
      "custoMedioDivida": 0.18,
      "dsoTarget": 75,
      "margemBruta": 0.237,
      "receitaGrowth": 0.08,
    },
  },
  {
    "bp": {
      "ativoTotal": 4213608,
      "caixa": -626392,
      "dividaCP": 0,
      "dividaLP": 0,
      "estoques": 1346750,
      "fornecedores": 750000,
      "pl": 3062339,
      "recebiveis": 2925000,
    },
    "confianca": "baixa",
    "dre": {
      "cmv": -892710,
      "depreciacao": -17500,
      "ebit": 34202,
      "ebitda": 51702,
      "ir": -8434,
      "lair": 33737,
      "lucroBruto": 277290,
      "lucroLiq": 25303,
      "opex": -225588,
      "receita": 1170000,
      "resultadoFinanceiro": -465,
    },
    "mes": "Mai/27",
    "premissas": {
      "capexPctReceita": 0.018,
      "custoMedioDivida": 0.18,
      "dsoTarget": 75,
      "margemBruta": 0.237,
      "receitaGrowth": 0.08,
    },
  },
]
`;

exports[`projection-engine regression snapshot > computeProjections é estável para setor=default 1`] = `
[
  {
    "bp": {
      "ativoTotal": 5424150,
      "caixa": 584150,
      "dividaCP": 221000,
      "dividaLP": 1100000,
      "estoques": 1300000,
      "fornecedores": 750000,
      "pl": 2942928,
      "recebiveis": 1632910,
    },
    "confianca": "alta",
    "dre": {
      "cmv": -777265,
      "depreciacao": -17500,
      "ebit": 77175,
      "ebitda": 94675,
      "ir": -14309,
      "lair": 57237,
      "lucroBruto": 311341,
      "lucroLiq": 42928,
      "opex": -216667,
      "receita": 1088607,
      "resultadoFinanceiro": -19937,
    },
    "mes": "Jun/26",
    "premissas": {
      "capexPctReceita": 0.025,
      "custoMedioDivida": 0.165,
      "dsoTarget": 45,
      "margemBruta": 0.28600000000000003,
      "receitaGrowth": 0.06,
    },
  },
  {
    "bp": {
      "ativoTotal": 5348264,
      "caixa": 508264,
      "dividaCP": 92000,
      "dividaLP": 1100000,
      "estoques": 1303164,
      "fornecedores": 750000,
      "pl": 2987726,
      "recebiveis": 1640858,
    },
    "confianca": "alta",
    "dre": {
      "cmv": -781048,
      "depreciacao": -17500,
      "ebit": 77894,
      "ebitda": 95394,
      "ir": -14933,
      "lair": 59730,
      "lucroBruto": 312857,
      "lucroLiq": 44798,
      "opex": -217463,
      "receita": 1093905,
      "resultadoFinanceiro": -18164,
    },
    "mes": "Jul/26",
    "premissas": {
      "capexPctReceita": 0.025,
      "custoMedioDivida": 0.165,
      "dsoTarget": 45,
      "margemBruta": 0.28600000000000003,
      "receitaGrowth": 0.06,
    },
  },
  {
    "bp": {
      "ativoTotal": 5272344,
      "caixa": 432344,
      "dividaCP": 0,
      "dividaLP": 1063000,
      "estoques": 1306336,
      "fornecedores": 750000,
      "pl": 3034397,
      "recebiveis": 1648845,
    },
    "confianca": "alta",
    "dre": {
      "cmv": -784850,
      "depreciacao": -17500,
      "ebit": 78618,
      "ebitda": 96118,
      "ir": -15557,
      "lair": 62228,
      "lucroBruto": 314380,
      "lucroLiq": 46671,
      "opex": -218262,
      "receita": 1099230,
      "resultadoFinanceiro": -16390,
    },
    "mes": "Ago/26",
    "premissas": {
      "capexPctReceita": 0.025,
      "custoMedioDivida": 0.165,
      "dsoTarget": 45,
      "margemBruta": 0.28600000000000003,
      "receitaGrowth": 0.06,
    },
  },
  {
    "bp": {
      "ativoTotal": 5196393,
      "caixa": 356393,
      "dividaCP": 0,
      "dividaLP": 934000,
      "estoques": 1309515,
      "fornecedores": 750000,
      "pl": 3082944,
      "recebiveis": 1656871,
    },
    "confianca": "media",
    "dre": {
      "cmv": -788671,
      "depreciacao": -17500,
      "ebit": 79346,
      "ebitda": 96846,
      "ir": -16182,
      "lair": 64730,
      "lucroBruto": 315910,
      "lucroLiq": 48547,
      "opex": -219064,
      "receita": 1104581,
      "resultadoFinanceiro": -14616,
    },
    "mes": "Set/26",
    "premissas": {
      "capexPctReceita": 0.025,
      "custoMedioDivida": 0.165,
      "dsoTarget": 45,
      "margemBruta": 0.28600000000000003,
      "receitaGrowth": 0.06,
    },
  },
  {
    "bp": {
      "ativoTotal": 5120414,
      "caixa": 280414,
      "dividaCP": 0,
      "dividaLP": 805000,
      "estoques": 1312702,
      "fornecedores": 750000,
      "pl": 3133371,
      "recebiveis": 1664936,
    },
    "confianca": "media",
    "dre": {
      "cmv": -792509,
      "depreciacao": -17500,
      "ebit": 80079,
      "ebitda": 97579,
      "ir": -16809,
      "lair": 67236,
      "lucroBruto": 317448,
      "lucroLiq": 50427,
      "opex": -219869,
      "receita": 1109957,
      "resultadoFinanceiro": -12842,
    },
    "mes": "Out/26",
    "premissas": {
      "capexPctReceita": 0.025,
      "custoMedioDivida": 0.165,
      "dsoTarget": 45,
      "margemBruta": 0.28600000000000003,
      "receitaGrowth": 0.06,
    },
  },
  {
    "bp": {
      "ativoTotal": 5044409,
      "caixa": 204409,
      "dividaCP": 0,
      "dividaLP": 676000,
      "estoques": 1315897,
      "fornecedores": 750000,
      "pl": 3185681,
      "recebiveis": 1673040,
    },
    "confianca": "media",
    "dre": {
      "cmv": -796367,
      "depreciacao": -17500,
      "ebit": 80816,
      "ebitda": 98316,
      "ir": -17437,
      "lair": 69747,
      "lucroBruto": 318993,
      "lucroLiq": 52310,
      "opex": -220677,
      "receita": 1115360,
      "resultadoFinanceiro": -11069,
    },
    "mes": "Nov/26",
    "premissas": {
      "capexPctReceita": 0.025,
      "custoMedioDivida": 0.165,
      "dsoTarget": 45,
      "margemBruta": 0.28600000000000003,
      "receitaGrowth": 0.06,
    },
  },
  {
    "bp": {
      "ativoTotal": 4968381,
      "caixa": 128381,
      "dividaCP": 0,
      "dividaLP": 547000,
      "estoques": 1319099,
      "fornecedores": 750000,
      "pl": 3239878,
      "recebiveis": 1681184,
    },
    "confianca": "baixa",
    "dre": {
      "cmv": -800243,
      "depreciacao": -17500,
      "ebit": 81558,
      "ebitda": 99058,
      "ir": -18066,
      "lair": 72263,
      "lucroBruto": 320546,
      "lucroLiq": 54197,
      "opex": -221488,
      "receita": 1120789,
      "resultadoFinanceiro": -9295,
    },
    "mes": "Dez/26",
    "premissas": {
      "capexPctReceita": 0.025,
      "custoMedioDivida": 0.165,
      "dsoTarget": 45,
      "margemBruta": 0.28600000000000003,
      "receitaGrowth": 0.06,
    },
  },
  {
    "bp": {
      "ativoTotal": 4892333,
      "caixa": 52333,
      "dividaCP": 0,
      "dividaLP": 418000,
      "estoques": 1322310,
      "fornecedores": 750000,
      "pl": 3295965,
      "recebiveis": 1689367,
    },
    "confianca": "baixa",
    "dre": {
      "cmv": -804139,
      "depreciacao": -17500,
      "ebit": 82304,
      "ebitda": 99804,
      "ir": -18696,
      "lair": 74783,
      "lucroBruto": 322106,
      "lucroLiq": 56087,
      "opex": -222302,
      "receita": 1126244,
      "resultadoFinanceiro": -7521,
    },
    "mes": "Jan/27",
    "premissas": {
      "capexPctReceita": 0.025,
      "custoMedioDivida": 0.165,
      "dsoTarget": 45,
      "margemBruta": 0.28600000000000003,
      "receitaGrowth": 0.06,
    },
  },
  {
    "bp": {
      "ativoTotal": 4816268,
      "caixa": -23732,
      "dividaCP": 0,
      "dividaLP": 289000,
      "estoques": 1325528,
      "fornecedores": 750000,
      "pl": 3353946,
      "recebiveis": 1697590,
    },
    "confianca": "baixa",
    "dre": {
      "cmv": -808053,
      "depreciacao": -17500,
      "ebit": 83055,
      "ebitda": 100555,
      "ir": -19327,
      "lair": 77307,
      "lucroBruto": 323674,
      "lucroLiq": 57981,
      "opex": -223119,
      "receita": 1131727,
      "resultadoFinanceiro": -5747,
    },
    "mes": "Fev/27",
    "premissas": {
      "capexPctReceita": 0.025,
      "custoMedioDivida": 0.165,
      "dsoTarget": 45,
      "margemBruta": 0.28600000000000003,
      "receitaGrowth": 0.06,
    },
  },
  {
    "bp": {
      "ativoTotal": 4740189,
      "caixa": -99811,
      "dividaCP": 0,
      "dividaLP": 160000,
      "estoques": 1328754,
      "fornecedores": 750000,
      "pl": 3413823,
      "recebiveis": 1705853,
    },
    "confianca": "baixa",
    "dre": {
      "cmv": -811986,
      "depreciacao": -17500,
      "ebit": 83811,
      "ebitda": 101311,
      "ir": -19959,
      "lair": 79837,
      "lucroBruto": 325249,
      "lucroLiq": 59878,
      "opex": -223939,
      "receita": 1137235,
      "resultadoFinanceiro": -3974,
    },
    "mes": "Mar/27",
    "premissas": {
      "capexPctReceita": 0.025,
      "custoMedioDivida": 0.165,
      "dsoTarget": 45,
      "margemBruta": 0.28600000000000003,
      "receitaGrowth": 0.06,
    },
  },
  {
    "bp": {
      "ativoTotal": 4664098,
      "caixa": -175902,
      "dividaCP": 0,
      "dividaLP": 31000,
      "estoques": 1331988,
      "fornecedores": 750000,
      "pl": 3475601,
      "recebiveis": 1714156,
    },
    "confianca": "baixa",
    "dre": {
      "cmv": -815938,
      "depreciacao": -17500,
      "ebit": 84571,
      "ebitda": 102071,
      "ir": -20593,
      "lair": 82371,
      "lucroBruto": 326832,
      "lucroLiq": 61778,
      "opex": -224762,
      "receita": 1142771,
      "resultadoFinanceiro": -2200,
    },
    "mes": "Abr/27",
    "premissas": {
      "capexPctReceita": 0.025,
      "custoMedioDivida": 0.165,
      "dsoTarget": 45,
      "margemBruta": 0.28600000000000003,
      "receitaGrowth": 0.06,
    },
  },
  {
    "bp": {
      "ativoTotal": 4587998,
      "caixa": -252002,
      "dividaCP": 0,
      "dividaLP": 0,
      "estoques": 1335230,
      "fornecedores": 750000,
      "pl": 3539284,
      "recebiveis": 1722500,
    },
    "confianca": "baixa",
    "dre": {
      "cmv": -819910,
      "depreciacao": -17500,
      "ebit": 85336,
      "ebitda": 102836,
      "ir": -21227,
      "lair": 84909,
      "lucroBruto": 328423,
      "lucroLiq": 63682,
      "opex": -225588,
      "receita": 1148333,
      "resultadoFinanceiro": -426,
    },
    "mes": "Mai/27",
    "premissas": {
      "capexPctReceita": 0.025,
      "custoMedioDivida": 0.165,
      "dsoTarget": 45,
      "margemBruta": 0.28600000000000003,
      "receitaGrowth": 0.06,
    },
  },
]
`;

exports[`projection-engine regression snapshot > computeProjections é estável para setor=frigorifico 1`] = `
[
  {
    "bp": {
      "ativoTotal": 5351137,
      "caixa": 511137,
      "dividaCP": 221000,
      "dividaLP": 1100000,
      "estoques": 1300000,
      "fornecedores": 750000,
      "pl": 2879547,
      "recebiveis": 1268533,
    },
    "confianca": "alta",
    "dre": {
      "cmv": -852454,
      "depreciacao": -17500,
      "ebit": 693,
      "ebitda": 18193,
      "ir": 0,
      "lair": -20453,
      "lucroBruto": 234860,
      "lucroLiq": -20453,
      "opex": -216667,
      "receita": 1087314,
      "resultadoFinanceiro": -21146,
    },
    "mes": "Jun/26",
    "premissas": {
      "capexPctReceita": 0.035,
      "custoMedioDivida": 0.175,
      "dsoTarget": 35,
      "margemBruta": 0.216,
      "receitaGrowth": 0.045,
    },
  },
  {
    "bp": {
      "ativoTotal": 5202201,
      "caixa": 362201,
      "dividaCP": 92000,
      "dividaLP": 1100000,
      "estoques": 1302389,
      "fornecedores": 750000,
      "pl": 2861043,
      "recebiveis": 1273195,
    },
    "confianca": "alta",
    "dre": {
      "cmv": -855587,
      "depreciacao": -17500,
      "ebit": 760,
      "ebitda": 18260,
      "ir": 0,
      "lair": -18504,
      "lucroBruto": 235723,
      "lucroLiq": -18504,
      "opex": -217463,
      "receita": 1091310,
      "resultadoFinanceiro": -19265,
    },
    "mes": "Jul/26",
    "premissas": {
      "capexPctReceita": 0.035,
      "custoMedioDivida": 0.175,
      "dsoTarget": 35,
      "margemBruta": 0.216,
      "receitaGrowth": 0.045,
    },
  },
  {
    "bp": {
      "ativoTotal": 5053192,
      "caixa": 213192,
      "dividaCP": 0,
      "dividaLP": 1063000,
      "estoques": 1304782,
      "fornecedores": 750000,
      "pl": 2844487,
      "recebiveis": 1277874,
    },
    "confianca": "alta",
    "dre": {
      "cmv": -858731,
      "depreciacao": -17500,
      "ebit": 827,
      "ebitda": 18327,
      "ir": 0,
      "lair": -16556,
      "lucroBruto": 236589,
      "lucroLiq": -16556,
      "opex": -218262,
      "receita": 1095320,
      "resultadoFinanceiro": -17383,
    },
    "mes": "Ago/26",
    "premissas": {
      "capexPctReceita": 0.035,
      "custoMedioDivida": 0.175,
      "dsoTarget": 35,
      "margemBruta": 0.216,
      "receitaGrowth": 0.045,
    },
  },
  {
    "bp": {
      "ativoTotal": 4904110,
      "caixa": 64110,
      "dividaCP": 0,
      "dividaLP": 934000,
      "estoques": 1307179,
      "fornecedores": 750000,
      "pl": 2829879,
      "recebiveis": 1282570,
    },
    "confianca": "media",
    "dre": {
      "cmv": -861887,
      "depreciacao": -17500,
      "ebit": 895,
      "ebitda": 18395,
      "ir": 0,
      "lair": -14608,
      "lucroBruto": 237459,
      "lucroLiq": -14608,
      "opex": -219064,
      "receita": 1099346,
      "resultadoFinanceiro": -15502,
    },
    "mes": "Set/26",
    "premissas": {
      "capexPctReceita": 0.035,
      "custoMedioDivida": 0.175,
      "dsoTarget": 35,
      "margemBruta": 0.216,
      "receitaGrowth": 0.045,
    },
  },
  {
    "bp": {
      "ativoTotal": 4754954,
      "caixa": -85046,
      "dividaCP": 0,
      "dividaLP": 805000,
      "estoques": 1309581,
      "fornecedores": 750000,
      "pl": 2817221,
      "recebiveis": 1287283,
    },
    "confianca": "media",
    "dre": {
      "cmv": -865054,
      "depreciacao": -17500,
      "ebit": 962,
      "ebitda": 18462,
      "ir": 0,
      "lair": -12659,
      "lucroBruto": 238331,
      "lucroLiq": -12659,
      "opex": -219869,
      "receita": 1103385,
      "resultadoFinanceiro": -13621,
    },
    "mes": "Out/26",
    "premissas": {
      "capexPctReceita": 0.035,
      "custoMedioDivida": 0.175,
      "dsoTarget": 35,
      "margemBruta": 0.216,
      "receitaGrowth": 0.045,
    },
  },
  {
    "bp": {
      "ativoTotal": 4605723,
      "caixa": -234277,
      "dividaCP": 0,
      "dividaLP": 676000,
      "estoques": 1311987,
      "fornecedores": 750000,
      "pl": 2806511,
      "recebiveis": 1292013,
    },
    "confianca": "media",
    "dre": {
      "cmv": -868233,
      "depreciacao": -17500,
      "ebit": 1030,
      "ebitda": 18530,
      "ir": 0,
      "lair": -10710,
      "lucroBruto": 239207,
      "lucroLiq": -10710,
      "opex": -220677,
      "receita": 1107440,
      "resultadoFinanceiro": -11740,
    },
    "mes": "Nov/26",
    "premissas": {
      "capexPctReceita": 0.035,
      "custoMedioDivida": 0.175,
      "dsoTarget": 35,
      "margemBruta": 0.216,
      "receitaGrowth": 0.045,
    },
  },
  {
    "bp": {
      "ativoTotal": 4456418,
      "caixa": -383582,
      "dividaCP": 0,
      "dividaLP": 547000,
      "estoques": 1314398,
      "fornecedores": 750000,
      "pl": 2797751,
      "recebiveis": 1296761,
    },
    "confianca": "baixa",
    "dre": {
      "cmv": -871424,
      "depreciacao": -17500,
      "ebit": 1098,
      "ebitda": 18598,
      "ir": 0,
      "lair": -8760,
      "lucroBruto": 240086,
      "lucroLiq": -8760,
      "opex": -221488,
      "receita": 1111510,
      "resultadoFinanceiro": -9858,
    },
    "mes": "Dez/26",
    "premissas": {
      "capexPctReceita": 0.035,
      "custoMedioDivida": 0.175,
      "dsoTarget": 35,
      "margemBruta": 0.216,
      "receitaGrowth": 0.045,
    },
  },
  {
    "bp": {
      "ativoTotal": 4307039,
      "caixa": -532961,
      "dividaCP": 0,
      "dividaLP": 418000,
      "estoques": 1316813,
      "fornecedores": 750000,
      "pl": 2790940,
      "recebiveis": 1301527,
    },
    "confianca": "baixa",
    "dre": {
      "cmv": -874626,
      "depreciacao": -17500,
      "ebit": 1166,
      "ebitda": 18666,
      "ir": 0,
      "lair": -6811,
      "lucroBruto": 240968,
      "lucroLiq": -6811,
      "opex": -222302,
      "receita": 1115594,
      "resultadoFinanceiro": -7977,
    },
    "mes": "Jan/27",
    "premissas": {
      "capexPctReceita": 0.035,
      "custoMedioDivida": 0.175,
      "dsoTarget": 35,
      "margemBruta": 0.216,
      "receitaGrowth": 0.045,
    },
  },
  {
    "bp": {
      "ativoTotal": 4157585,
      "caixa": -682415,
      "dividaCP": 0,
      "dividaLP": 289000,
      "estoques": 1319232,
      "fornecedores": 750000,
      "pl": 2786079,
      "recebiveis": 1306310,
    },
    "confianca": "baixa",
    "dre": {
      "cmv": -877840,
      "depreciacao": -17500,
      "ebit": 1235,
      "ebitda": 18735,
      "ir": 0,
      "lair": -4861,
      "lucroBruto": 241854,
      "lucroLiq": -4861,
      "opex": -223119,
      "receita": 1119694,
      "resultadoFinanceiro": -6096,
    },
    "mes": "Fev/27",
    "premissas": {
      "capexPctReceita": 0.035,
      "custoMedioDivida": 0.175,
      "dsoTarget": 35,
      "margemBruta": 0.216,
      "receitaGrowth": 0.045,
    },
  },
  {
    "bp": {
      "ativoTotal": 4008055,
      "caixa": -831945,
      "dividaCP": 0,
      "dividaLP": 160000,
      "estoques": 1321656,
      "fornecedores": 750000,
      "pl": 2783169,
      "recebiveis": 1311110,
    },
    "confianca": "baixa",
    "dre": {
      "cmv": -881066,
      "depreciacao": -17500,
      "ebit": 1304,
      "ebitda": 18804,
      "ir": 0,
      "lair": -2911,
      "lucroBruto": 242743,
      "lucroLiq": -2911,
      "opex": -223939,
      "receita": 1123809,
      "resultadoFinanceiro": -4215,
    },
    "mes": "Mar/27",
    "premissas": {
      "capexPctReceita": 0.035,
      "custoMedioDivida": 0.175,
      "dsoTarget": 35,
      "margemBruta": 0.216,
      "receitaGrowth": 0.045,
    },
  },
  {
    "bp": {
      "ativoTotal": 3858450,
      "caixa": -981550,
      "dividaCP": 0,
      "dividaLP": 31000,
      "estoques": 1324085,
      "fornecedores": 750000,
      "pl": 2782208,
      "recebiveis": 1315928,
    },
    "confianca": "baixa",
    "dre": {
      "cmv": -884304,
      "depreciacao": -17500,
      "ebit": 1373,
      "ebitda": 18873,
      "ir": 0,
      "lair": -960,
      "lucroBruto": 243635,
      "lucroLiq": -960,
      "opex": -224762,
      "receita": 1127938,
      "resultadoFinanceiro": -2333,
    },
    "mes": "Abr/27",
    "premissas": {
      "capexPctReceita": 0.035,
      "custoMedioDivida": 0.175,
      "dsoTarget": 35,
      "margemBruta": 0.216,
      "receitaGrowth": 0.045,
    },
  },
  {
    "bp": {
      "ativoTotal": 3708522,
      "caixa": -1131478,
      "dividaCP": 0,
      "dividaLP": 0,
      "estoques": 1326518,
      "fornecedores": 750000,
      "pl": 2782951,
      "recebiveis": 1320764,
    },
    "confianca": "baixa",
    "dre": {
      "cmv": -887553,
      "depreciacao": -17500,
      "ebit": 1442,
      "ebitda": 18942,
      "ir": -248,
      "lair": 990,
      "lucroBruto": 244530,
      "lucroLiq": 743,
      "opex": -225588,
      "receita": 1132083,
      "resultadoFinanceiro": -452,
    },
    "mes": "Mai/27",
    "premissas": {
      "capexPctReceita": 0.035,
      "custoMedioDivida": 0.175,
      "dsoTarget": 35,
      "margemBruta": 0.216,
      "receitaGrowth": 0.045,
    },
  },
]
`;

exports[`projection-engine regression snapshot > computeProjections é estável para setor=saude 1`] = `
[
  {
    "bp": {
      "ativoTotal": 5482603,
      "caixa": 642603,
      "dividaCP": 221000,
      "dividaLP": 1100000,
      "estoques": 1300000,
      "fornecedores": 750000,
      "pl": 3024456,
      "recebiveis": 1817872,
    },
    "confianca": "alta",
    "dre": {
      "cmv": -671886,
      "depreciacao": -17500,
      "ebit": 184671,
      "ebitda": 202171,
      "ir": -41485,
      "lair": 165942,
      "lucroBruto": 418838,
      "lucroLiq": 124456,
      "opex": -216667,
      "receita": 1090723,
      "resultadoFinanceiro": -18729,
    },
    "mes": "Jun/26",
    "premissas": {
      "capexPctReceita": 0.045,
      "custoMedioDivida": 0.155,
      "dsoTarget": 50,
      "margemBruta": 0.384,
      "receitaGrowth": 0.085,
    },
  },
  {
    "bp": {
      "ativoTotal": 5466000,
      "caixa": 626000,
      "dividaCP": 92000,
      "dividaLP": 1100000,
      "estoques": 1304434,
      "fornecedores": 750000,
      "pl": 3151708,
      "recebiveis": 1830273,
    },
    "confianca": "alta",
    "dre": {
      "cmv": -676469,
      "depreciacao": -17500,
      "ebit": 186732,
      "ebitda": 204232,
      "ir": -42417,
      "lair": 169669,
      "lucroBruto": 421695,
      "lucroLiq": 127252,
      "opex": -217463,
      "receita": 1098164,
      "resultadoFinanceiro": -17063,
    },
    "mes": "Jul/26",
    "premissas": {
      "capexPctReceita": 0.045,
      "custoMedioDivida": 0.155,
      "dsoTarget": 50,
      "margemBruta": 0.384,
      "receitaGrowth": 0.085,
    },
  },
  {
    "bp": {
      "ativoTotal": 5450202,
      "caixa": 610202,
      "dividaCP": 0,
      "dividaLP": 1063000,
      "estoques": 1308883,
      "fornecedores": 750000,
      "pl": 3281768,
      "recebiveis": 1842758,
    },
    "confianca": "alta",
    "dre": {
      "cmv": -681083,
      "depreciacao": -17500,
      "ebit": 188809,
      "ebitda": 206309,
      "ir": -43353,
      "lair": 173413,
      "lucroBruto": 424571,
      "lucroLiq": 130060,
      "opex": -218262,
      "receita": 1105655,
      "resultadoFinanceiro": -15397,
    },
    "mes": "Ago/26",
    "premissas": {
      "capexPctReceita": 0.045,
      "custoMedioDivida": 0.155,
      "dsoTarget": 50,
      "margemBruta": 0.384,
      "receitaGrowth": 0.085,
    },
  },
  {
    "bp": {
      "ativoTotal": 5435219,
      "caixa": 595219,
      "dividaCP": 0,
      "dividaLP": 934000,
      "estoques": 1313347,
      "fornecedores": 750000,
      "pl": 3414648,
      "recebiveis": 1855328,
    },
    "confianca": "media",
    "dre": {
      "cmv": -685729,
      "depreciacao": -17500,
      "ebit": 190904,
      "ebitda": 208404,
      "ir": -44293,
      "lair": 177173,
      "lucroBruto": 427468,
      "lucroLiq": 132880,
      "opex": -219064,
      "receita": 1113197,
      "resultadoFinanceiro": -13730,
    },
    "mes": "Set/26",
    "premissas": {
      "capexPctReceita": 0.045,
      "custoMedioDivida": 0.155,
      "dsoTarget": 50,
      "margemBruta": 0.384,
      "receitaGrowth": 0.085,
    },
  },
  {
    "bp": {
      "ativoTotal": 5421060,
      "caixa": 581060,
      "dividaCP": 0,
      "dividaLP": 805000,
      "estoques": 1317827,
      "fornecedores": 750000,
      "pl": 3550360,
      "recebiveis": 1867984,
    },
    "confianca": "media",
    "dre": {
      "cmv": -690407,
      "depreciacao": -17500,
      "ebit": 193015,
      "ebitda": 210515,
      "ir": -45238,
      "lair": 180950,
      "lucroBruto": 430384,
      "lucroLiq": 135713,
      "opex": -219869,
      "receita": 1120791,
      "resultadoFinanceiro": -12064,
    },
    "mes": "Out/26",
    "premissas": {
      "capexPctReceita": 0.045,
      "custoMedioDivida": 0.155,
      "dsoTarget": 50,
      "margemBruta": 0.384,
      "receitaGrowth": 0.085,
    },
  },
  {
    "bp": {
      "ativoTotal": 5407737,
      "caixa": 567737,
      "dividaCP": 0,
      "dividaLP": 676000,
      "estoques": 1322322,
      "fornecedores": 750000,
      "pl": 3688919,
      "recebiveis": 1880727,
    },
    "confianca": "media",
    "dre": {
      "cmv": -695117,
      "depreciacao": -17500,
      "ebit": 195142,
      "ebitda": 212642,
      "ir": -46186,
      "lair": 184744,
      "lucroBruto": 433319,
      "lucroLiq": 138558,
      "opex": -220677,
      "receita": 1128436,
      "resultadoFinanceiro": -10398,
    },
    "mes": "Nov/26",
    "premissas": {
      "capexPctReceita": 0.045,
      "custoMedioDivida": 0.155,
      "dsoTarget": 50,
      "margemBruta": 0.384,
      "receitaGrowth": 0.085,
    },
  },
  {
    "bp": {
      "ativoTotal": 5395259,
      "caixa": 555259,
      "dividaCP": 0,
      "dividaLP": 547000,
      "estoques": 1326832,
      "fornecedores": 750000,
      "pl": 3830335,
      "recebiveis": 1893556,
    },
    "confianca": "baixa",
    "dre": {
      "cmv": -699858,
      "depreciacao": -17500,
      "ebit": 197287,
      "ebitda": 214787,
      "ir": -47139,
      "lair": 188556,
      "lucroBruto": 436275,
      "lucroLiq": 141417,
      "opex": -221488,
      "receita": 1136134,
      "resultadoFinanceiro": -8732,
    },
    "mes": "Dez/26",
    "premissas": {
      "capexPctReceita": 0.045,
      "custoMedioDivida": 0.155,
      "dsoTarget": 50,
      "margemBruta": 0.384,
      "receitaGrowth": 0.085,
    },
  },
  {
    "bp": {
      "ativoTotal": 5383638,
      "caixa": 543638,
      "dividaCP": 0,
      "dividaLP": 418000,
      "estoques": 1331357,
      "fornecedores": 750000,
      "pl": 3974624,
      "recebiveis": 1906473,
    },
    "confianca": "baixa",
    "dre": {
      "cmv": -704632,
      "depreciacao": -17500,
      "ebit": 199449,
      "ebitda": 216949,
      "ir": -48096,
      "lair": 192384,
      "lucroBruto": 439251,
      "lucroLiq": 144288,
      "opex": -222302,
      "receita": 1143884,
      "resultadoFinanceiro": -7065,
    },
    "mes": "Jan/27",
    "premissas": {
      "capexPctReceita": 0.045,
      "custoMedioDivida": 0.155,
      "dsoTarget": 50,
      "margemBruta": 0.384,
      "receitaGrowth": 0.085,
    },
  },
  {
    "bp": {
      "ativoTotal": 5372883,
      "caixa": 532883,
      "dividaCP": 0,
      "dividaLP": 289000,
      "estoques": 1335898,
      "fornecedores": 750000,
      "pl": 4121796,
      "recebiveis": 1919478,
    },
    "confianca": "baixa",
    "dre": {
      "cmv": -709439,
      "depreciacao": -17500,
      "ebit": 201629,
      "ebitda": 219129,
      "ir": -49057,
      "lair": 196230,
      "lucroBruto": 442248,
      "lucroLiq": 147172,
      "opex": -223119,
      "receita": 1151687,
      "resultadoFinanceiro": -5399,
    },
    "mes": "Fev/27",
    "premissas": {
      "capexPctReceita": 0.045,
      "custoMedioDivida": 0.155,
      "dsoTarget": 50,
      "margemBruta": 0.384,
      "receitaGrowth": 0.085,
    },
  },
  {
    "bp": {
      "ativoTotal": 5363006,
      "caixa": 523006,
      "dividaCP": 0,
      "dividaLP": 160000,
      "estoques": 1340455,
      "fornecedores": 750000,
      "pl": 4271865,
      "recebiveis": 1932572,
    },
    "confianca": "baixa",
    "dre": {
      "cmv": -714279,
      "depreciacao": -17500,
      "ebit": 203826,
      "ebitda": 221326,
      "ir": -50023,
      "lair": 200093,
      "lucroBruto": 445265,
      "lucroLiq": 150070,
      "opex": -223939,
      "receita": 1159543,
      "resultadoFinanceiro": -3733,
    },
    "mes": "Mar/27",
    "premissas": {
      "capexPctReceita": 0.045,
      "custoMedioDivida": 0.155,
      "dsoTarget": 50,
      "margemBruta": 0.384,
      "receitaGrowth": 0.085,
    },
  },
  {
    "bp": {
      "ativoTotal": 5354018,
      "caixa": 514018,
      "dividaCP": 0,
      "dividaLP": 31000,
      "estoques": 1345026,
      "fornecedores": 750000,
      "pl": 4424846,
      "recebiveis": 1945755,
    },
    "confianca": "baixa",
    "dre": {
      "cmv": -719151,
      "depreciacao": -17500,
      "ebit": 206040,
      "ebitda": 223540,
      "ir": -50993,
      "lair": 203974,
      "lucroBruto": 448302,
      "lucroLiq": 152980,
      "opex": -224762,
      "receita": 1167453,
      "resultadoFinanceiro": -2067,
    },
    "mes": "Abr/27",
    "premissas": {
      "capexPctReceita": 0.045,
      "custoMedioDivida": 0.155,
      "dsoTarget": 50,
      "margemBruta": 0.384,
      "receitaGrowth": 0.085,
    },
  },
  {
    "bp": {
      "ativoTotal": 5345928,
      "caixa": 505928,
      "dividaCP": 0,
      "dividaLP": 0,
      "estoques": 1349614,
      "fornecedores": 750000,
      "pl": 4580750,
      "recebiveis": 1959028,
    },
    "confianca": "baixa",
    "dre": {
      "cmv": -724057,
      "depreciacao": -17500,
      "ebit": 208272,
      "ebitda": 225772,
      "ir": -51968,
      "lair": 207872,
      "lucroBruto": 451360,
      "lucroLiq": 155904,
      "opex": -225588,
      "receita": 1175417,
      "resultadoFinanceiro": -400,
    },
    "mes": "Mai/27",
    "premissas": {
      "capexPctReceita": 0.045,
      "custoMedioDivida": 0.155,
      "dsoTarget": 50,
      "margemBruta": 0.384,
      "receitaGrowth": 0.085,
    },
  },
]
`;

exports[`projection-engine regression snapshot > computeProjections é estável para setor=textil 1`] = `
[
  {
    "bp": {
      "ativoTotal": 5400396,
      "caixa": 560396,
      "dividaCP": 221000,
      "dividaLP": 1100000,
      "estoques": 1300000,
      "fornecedores": 750000,
      "pl": 2914900,
      "recebiveis": 2173411,
    },
    "confianca": "alta",
    "dre": {
      "cmv": -813942,
      "depreciacao": -17500,
      "ebit": 38596,
      "ebitda": 56096,
      "ir": -4967,
      "lair": 19867,
      "lucroBruto": 272763,
      "lucroLiq": 14900,
      "opex": -216667,
      "receita": 1086706,
      "resultadoFinanceiro": -18729,
    },
    "mes": "Jun/26",
    "premissas": {
      "capexPctReceita": 0.02,
      "custoMedioDivida": 0.155,
      "dsoTarget": 60,
      "margemBruta": 0.251,
      "receitaGrowth": 0.038,
    },
  },
  {
    "bp": {
      "ativoTotal": 5300346,
      "caixa": 460346,
      "dividaCP": 92000,
      "dividaLP": 1100000,
      "estoques": 1302023,
      "fornecedores": 750000,
      "pl": 2931090,
      "recebiveis": 2180177,
    },
    "confianca": "alta",
    "dre": {
      "cmv": -816476,
      "depreciacao": -17500,
      "ebit": 38649,
      "ebitda": 56149,
      "ir": -5397,
      "lair": 21586,
      "lucroBruto": 273612,
      "lucroLiq": 16190,
      "opex": -217463,
      "receita": 1090088,
      "resultadoFinanceiro": -17063,
    },
    "mes": "Jul/26",
    "premissas": {
      "capexPctReceita": 0.02,
      "custoMedioDivida": 0.155,
      "dsoTarget": 60,
      "margemBruta": 0.251,
      "receitaGrowth": 0.038,
    },
  },
  {
    "bp": {
      "ativoTotal": 5199852,
      "caixa": 359852,
      "dividaCP": 0,
      "dividaLP": 1063000,
      "estoques": 1304050,
      "fornecedores": 750000,
      "pl": 2948569,
      "recebiveis": 2186963,
    },
    "confianca": "alta",
    "dre": {
      "cmv": -819018,
      "depreciacao": -17500,
      "ebit": 38702,
      "ebitda": 56202,
      "ir": -5826,
      "lair": 23305,
      "lucroBruto": 274464,
      "lucroLiq": 17479,
      "opex": -218262,
      "receita": 1093482,
      "resultadoFinanceiro": -15397,
    },
    "mes": "Ago/26",
    "premissas": {
      "capexPctReceita": 0.02,
      "custoMedioDivida": 0.155,
      "dsoTarget": 60,
      "margemBruta": 0.251,
      "receitaGrowth": 0.038,
    },
  },
  {
    "bp": {
      "ativoTotal": 5098913,
      "caixa": 258913,
      "dividaCP": 0,
      "dividaLP": 934000,
      "estoques": 1306079,
      "fornecedores": 750000,
      "pl": 2967337,
      "recebiveis": 2193771,
    },
    "confianca": "media",
    "dre": {
      "cmv": -821567,
      "depreciacao": -17500,
      "ebit": 38754,
      "ebitda": 56254,
      "ir": -6256,
      "lair": 25024,
      "lucroBruto": 275318,
      "lucroLiq": 18768,
      "opex": -219064,
      "receita": 1096885,
      "resultadoFinanceiro": -13730,
    },
    "mes": "Set/26",
    "premissas": {
      "capexPctReceita": 0.02,
      "custoMedioDivida": 0.155,
      "dsoTarget": 60,
      "margemBruta": 0.251,
      "receitaGrowth": 0.038,
    },
  },
  {
    "bp": {
      "ativoTotal": 4997527,
      "caixa": 157527,
      "dividaCP": 0,
      "dividaLP": 805000,
      "estoques": 1308112,
      "fornecedores": 750000,
      "pl": 2987393,
      "recebiveis": 2200599,
    },
    "confianca": "media",
    "dre": {
      "cmv": -824124,
      "depreciacao": -17500,
      "ebit": 38806,
      "ebitda": 56306,
      "ir": -6685,
      "lair": 26742,
      "lucroBruto": 276175,
      "lucroLiq": 20056,
      "opex": -219869,
      "receita": 1100300,
      "resultadoFinanceiro": -12064,
    },
    "mes": "Out/26",
    "premissas": {
      "capexPctReceita": 0.02,
      "custoMedioDivida": 0.155,
      "dsoTarget": 60,
      "margemBruta": 0.251,
      "receitaGrowth": 0.038,
    },
  },
  {
    "bp": {
      "ativoTotal": 4895696,
      "caixa": 55696,
      "dividaCP": 0,
      "dividaLP": 676000,
      "estoques": 1310148,
      "fornecedores": 750000,
      "pl": 3008738,
      "recebiveis": 2207450,
    },
    "confianca": "media",
    "dre": {
      "cmv": -826690,
      "depreciacao": -17500,
      "ebit": 38858,
      "ebitda": 56358,
      "ir": -7115,
      "lair": 28460,
      "lucroBruto": 277035,
      "lucroLiq": 21345,
      "opex": -220677,
      "receita": 1103725,
      "resultadoFinanceiro": -10398,
    },
    "mes": "Nov/26",
    "premissas": {
      "capexPctReceita": 0.02,
      "custoMedioDivida": 0.155,
      "dsoTarget": 60,
      "margemBruta": 0.251,
      "receitaGrowth": 0.038,
    },
  },
  {
    "bp": {
      "ativoTotal": 4793417,
      "caixa": -46583,
      "dividaCP": 0,
      "dividaLP": 547000,
      "estoques": 1312187,
      "fornecedores": 750000,
      "pl": 3031371,
      "recebiveis": 2214321,
    },
    "confianca": "baixa",
    "dre": {
      "cmv": -829263,
      "depreciacao": -17500,
      "ebit": 38909,
      "ebitda": 56409,
      "ir": -7544,
      "lair": 30178,
      "lucroBruto": 277897,
      "lucroLiq": 22633,
      "opex": -221488,
      "receita": 1107160,
      "resultadoFinanceiro": -8732,
    },
    "mes": "Dez/26",
    "premissas": {
      "capexPctReceita": 0.02,
      "custoMedioDivida": 0.155,
      "dsoTarget": 60,
      "margemBruta": 0.251,
      "receitaGrowth": 0.038,
    },
  },
  {
    "bp": {
      "ativoTotal": 4690692,
      "caixa": -149308,
      "dividaCP": 0,
      "dividaLP": 418000,
      "estoques": 1314230,
      "fornecedores": 750000,
      "pl": 3055293,
      "recebiveis": 2221214,
    },
    "confianca": "baixa",
    "dre": {
      "cmv": -831845,
      "depreciacao": -17500,
      "ebit": 38960,
      "ebitda": 56460,
      "ir": -7974,
      "lair": 31895,
      "lucroBruto": 278762,
      "lucroLiq": 23921,
      "opex": -222302,
      "receita": 1110607,
      "resultadoFinanceiro": -7065,
    },
    "mes": "Jan/27",
    "premissas": {
      "capexPctReceita": 0.02,
      "custoMedioDivida": 0.155,
      "dsoTarget": 60,
      "margemBruta": 0.251,
      "receitaGrowth": 0.038,
    },
  },
  {
    "bp": {
      "ativoTotal": 4587519,
      "caixa": -252481,
      "dividaCP": 0,
      "dividaLP": 289000,
      "estoques": 1316275,
      "fornecedores": 750000,
      "pl": 3080502,
      "recebiveis": 2228128,
    },
    "confianca": "baixa",
    "dre": {
      "cmv": -834434,
      "depreciacao": -17500,
      "ebit": 39011,
      "ebitda": 56511,
      "ir": -8403,
      "lair": 33612,
      "lucroBruto": 279630,
      "lucroLiq": 25209,
      "opex": -223119,
      "receita": 1114064,
      "resultadoFinanceiro": -5399,
    },
    "mes": "Fev/27",
    "premissas": {
      "capexPctReceita": 0.02,
      "custoMedioDivida": 0.155,
      "dsoTarget": 60,
      "margemBruta": 0.251,
      "receitaGrowth": 0.038,
    },
  },
  {
    "bp": {
      "ativoTotal": 4483898,
      "caixa": -356102,
      "dividaCP": 0,
      "dividaLP": 160000,
      "estoques": 1318324,
      "fornecedores": 750000,
      "pl": 3106998,
      "recebiveis": 2235064,
    },
    "confianca": "baixa",
    "dre": {
      "cmv": -837031,
      "depreciacao": -17500,
      "ebit": 39062,
      "ebitda": 56562,
      "ir": -8832,
      "lair": 35329,
      "lucroBruto": 280500,
      "lucroLiq": 26497,
      "opex": -223939,
      "receita": 1117532,
      "resultadoFinanceiro": -3733,
    },
    "mes": "Mar/27",
    "premissas": {
      "capexPctReceita": 0.02,
      "custoMedioDivida": 0.155,
      "dsoTarget": 60,
      "margemBruta": 0.251,
      "receitaGrowth": 0.038,
    },
  },
  {
    "bp": {
      "ativoTotal": 4379828,
      "caixa": -460172,
      "dividaCP": 0,
      "dividaLP": 31000,
      "estoques": 1320376,
      "fornecedores": 750000,
      "pl": 3134782,
      "recebiveis": 2242021,
    },
    "confianca": "baixa",
    "dre": {
      "cmv": -839637,
      "depreciacao": -17500,
      "ebit": 39112,
      "ebitda": 56612,
      "ir": -9261,
      "lair": 37045,
      "lucroBruto": 281374,
      "lucroLiq": 27784,
      "opex": -224762,
      "receita": 1121010,
      "resultadoFinanceiro": -2067,
    },
    "mes": "Abr/27",
    "premissas": {
      "capexPctReceita": 0.02,
      "custoMedioDivida": 0.155,
      "dsoTarget": 60,
      "margemBruta": 0.251,
      "receitaGrowth": 0.038,
    },
  },
  {
    "bp": {
      "ativoTotal": 4275310,
      "caixa": -564690,
      "dividaCP": 0,
      "dividaLP": 0,
      "estoques": 1322431,
      "fornecedores": 750000,
      "pl": 3163853,
      "recebiveis": 2249000,
    },
    "confianca": "baixa",
    "dre": {
      "cmv": -842251,
      "depreciacao": -17500,
      "ebit": 39162,
      "ebitda": 56662,
      "ir": -9690,
      "lair": 38761,
      "lucroBruto": 282250,
      "lucroLiq": 29071,
      "opex": -225588,
      "receita": 1124500,
      "resultadoFinanceiro": -400,
    },
    "mes": "Mai/27",
    "premissas": {
      "capexPctReceita": 0.02,
      "custoMedioDivida": 0.155,
      "dsoTarget": 60,
      "margemBruta": 0.251,
      "receitaGrowth": 0.038,
    },
  },
]
`;
